
> bloodhound-frontend@1.0.0 dev
> vite --host 0.0.0.0 --port 3000


  VITE v5.4.21  ready in 499 ms

  ➜  Local:   http://localhost:3000/
  ➜  Network: http://192.168.1.25:3000/
  ➜  Network: http://172.18.0.1:3000/
7:24:04 AM [vite] hmr update /src/components/LogTable.css
7:25:21 AM [vite] hmr update /src/index.css
7:29:16 AM [vite] hmr update /src/pages/InvestigationPage.css
7:30:07 AM [vite] hmr update /src/components/LogTable.css
7:38:19 AM [vite] hmr update /src/components/LogTable.jsx
7:41:43 AM [vite] hmr update /src/components/LogTable.css
7:44:40 AM [vite] hmr update /src/components/SearchFilters.css
7:48:21 AM [vite] hmr update /src/components/LogTable.jsx
7:50:12 AM [vite] hmr update /src/components/LogTable.jsx
7:52:08 AM [vite] hmr update /src/components/LogTable.css
8:00:09 AM [vite] hmr update /src/pages/InvestigationPage.css
8:24:17 AM [vite] hmr update /src/pages/InvestigationPage.css
8:24:53 AM [vite] hmr update /src/pages/InvestigationPage.css
8:25:51 AM [vite] hmr update /src/pages/SearchPage.css
8:38:46 AM [vite] hmr update /src/pages/InvestigationPage.jsx
12:54:11 PM [vite] http proxy error: /api/v1/status
Error: socket hang up
    at Socket.socketOnEnd (node:_http_client:599:25)
    at Socket.emit (node:events:531:35)
    at endReadableNT (node:internal/streams/readable:1698:12)
    at process.processTicksAndRejections (node:internal/process/task_queues:89:21)
12:54:15 PM [vite] http proxy error: /api/v1/status
Error: read ECONNRESET
    at TCP.onStreamRead (node:internal/stream_base_commons:216:20)
12:54:15 PM [vite] http proxy error: /api/v1/status
Error: read ECONNRESET
    at TCP.onStreamRead (node:internal/stream_base_commons:216:20)
12:54:18 PM [vite] http proxy error: /api/v1/search
Error: read ECONNRESET
    at TCP.onStreamRead (node:internal/stream_base_commons:216:20)
12:54:19 PM [vite] http proxy error: /api/v1/search
Error: read ECONNRESET
    at TCP.onStreamRead (node:internal/stream_base_commons:216:20)
12:54:40 PM [vite] http proxy error: /api/v1/search
Error: read ECONNRESET
    at TCP.onStreamRead (node:internal/stream_base_commons:216:20)
12:54:41 PM [vite] http proxy error: /api/v1/search
Error: read ECONNRESET
    at TCP.onStreamRead (node:internal/stream_base_commons:216:20)
12:54:41 PM [vite] http proxy error: /api/v1/search
Error: read ECONNRESET
    at TCP.onStreamRead (node:internal/stream_base_commons:216:20)
12:54:41 PM [vite] http proxy error: /api/v1/search
Error: write EPIPE
    at afterWriteDispatched (node:internal/stream_base_commons:159:15)
    at writeGeneric (node:internal/stream_base_commons:150:3)
    at Socket._writeGeneric (node:net:967:11)
    at Socket._write (node:net:979:8)
    at doWrite (node:internal/streams/writable:598:12)
    at clearBuffer (node:internal/streams/writable:783:7)
    at onwrite (node:internal/streams/writable:653:7)
    at afterWriteDispatched (node:internal/stream_base_commons:162:9)
    at writevGeneric (node:internal/stream_base_commons:142:3)
    at Socket._writeGeneric (node:net:965:11)
    at Socket.connect (node:net:945:12)
    at Object.onceWrapper (node:events:633:28)
    at Socket.emit (node:events:531:35)
    at TCPConnectWrap.afterConnect [as oncomplete] (node:net:1616:10)
12:54:41 PM [vite] http proxy error: /api/v1/search
Error: read ECONNRESET
    at TCP.onStreamRead (node:internal/stream_base_commons:216:20)
12:54:42 PM [vite] http proxy error: /api/v1/search
Error: read ECONNRESET
    at TCP.onStreamRead (node:internal/stream_base_commons:216:20)
12:54:45 PM [vite] http proxy error: /api/v1/status
Error: read ECONNRESET
    at TCP.onStreamRead (node:internal/stream_base_commons:216:20)
12:55:15 PM [vite] http proxy error: /api/v1/status
Error: read ECONNRESET
    at TCP.onStreamRead (node:internal/stream_base_commons:216:20)
12:55:45 PM [vite] http proxy error: /api/v1/status
Error: socket hang up
    at Socket.socketOnEnd (node:_http_client:599:25)
    at Socket.emit (node:events:531:35)
    at endReadableNT (node:internal/streams/readable:1698:12)
    at process.processTicksAndRejections (node:internal/process/task_queues:89:21)
12:56:15 PM [vite] http proxy error: /api/v1/status
Error: read ECONNRESET
    at TCP.onStreamRead (node:internal/stream_base_commons:216:20)
12:56:45 PM [vite] http proxy error: /api/v1/status
Error: read ECONNRESET
    at TCP.onStreamRead (node:internal/stream_base_commons:216:20)
12:57:15 PM [vite] http proxy error: /api/v1/status
Error: socket hang up
    at Socket.socketOnEnd (node:_http_client:599:25)
    at Socket.emit (node:events:531:35)
    at endReadableNT (node:internal/streams/readable:1698:12)
    at process.processTicksAndRejections (node:internal/process/task_queues:89:21)
12:57:45 PM [vite] http proxy error: /api/v1/status
Error: read ECONNRESET
    at TCP.onStreamRead (node:internal/stream_base_commons:216:20)

> bloodhound-frontend@1.0.0 dev
> vite --host 0.0.0.0 --port 3000


  VITE v5.4.21  ready in 531 ms

  ➜  Local:   http://localhost:3000/
  ➜  Network: http://192.168.1.25:3000/
  ➜  Network: http://172.18.0.1:3000/
1:18:08 PM [vite] hmr update /src/App.jsx
1:18:08 PM [vite] hmr update /src/components/Layout.jsx
1:18:08 PM [vite] hmr update /src/components/Layout.jsx, /src/pages/InvestigationPage.jsx, /src/pages/SearchPage.jsx
1:22:49 PM [vite] hmr update /src/pages/InvestigationPage.css
1:24:28 PM [vite] hmr update /src/components/Layout.css
1:30:01 PM [vite] hmr update /src/components/SearchFilters.jsx
1:30:01 PM [vite] hmr update /src/pages/InvestigationPage.jsx
